// Jest Snapshot v1, https://goo.gl/fbAQLP

exports[`AppComponent renders correctly 1`] = `<MessageTreeContainer />`;
