// Jest Snapshot v1, https://goo.gl/fbAQLP

exports[`constants 1`] = `
Object {
  "NONEXISTENT_MESSAGE": "NONEXISTENT_MESSAGE",
  "NONEXISTENT_SUBJECT": "NONEXISTENT_SUBJECT",
}
`;
